> no such key

> ok

> [1]

> ok

> no such key

> bye
