> no keys

> ok

> a

> ok

> ok

> ok

> ok

> ok

> ok

> 2
1
c
b
a

> bye
