> no entries

> ok

> a []

> ok

> ok

> ok

> ok

> ok

> ok

> 2 [2]
1 [1]
c [2 3]
b [1 1 2 3]
a []

> bye
