> no such key

> ok

> [1 0 -1]

> -1

> ok

> nil

> bye
