> no such key

> ok

> [1 2 3]

> 1

> 2

> 3

> nil

> ok

> no such key

> bye
