> no such key

> no such key

> ok

> [4 5]

> ok

> [1 2 3 4 5]

> ok

> ok

> []

> ok

> []

> no such key

> bye
