> ok

> []

> ok

> [1]

> ok

> [1 2 3]

> no such key

> bye
