> no such key

> ok

> [1 2 3 4 5]

> 15

> ok

> 0

> bye
