g 4 4
b 0 0
b 0 1
b 0 2
b 0 3
b 1 0
b 1 1
b 1 2
b 1 3
b 2 0
b 2 1
+----+
|****|
|****|
|****|
|****|
+----+
f 0 0
+----+
|f***|
|****|
|****|
|****|
+----+
f 0 1
+----+
|f***|
|f***|
|****|
|****|
+----+
f 0 2
+----+
|f***|
|f***|
|f***|
|****|
+----+
f 0 3
+----+
|f***|
|f***|
|f***|
|f***|
+----+
f 1 0
+----+
|ff**|
|f***|
|f***|
|f***|
+----+
f 1 1
+----+
|ff**|
|ff**|
|f***|
|f***|
+----+
f 1 2
+----+
|ff**|
|ff**|
|ff**|
|f***|
+----+
f 1 3
+----+
|ff**|
|ff**|
|ff**|
|ff**|
+----+
f 2 0
+----+
|fff*|
|ff**|
|ff**|
|ff**|
+----+
f 2 1
+----+
|fff*|
|fff*|
|ff**|
|ff**|
+----+
u 2 2
+----+
|fff*|
|fff*|
|ff4*|
|ff**|
+----+
u 2 3
+----+
|fff*|
|fff*|
|ff4*|
|ff2*|
+----+
u 3 0
+----+
|fff2|
|fff*|
|ff4*|
|ff2*|
+----+
u 3 1
+----+
|fff2|
|fff2|
|ff4*|
|ff2*|
+----+
u 3 2
+----+
|fff2|
|fff2|
|ff41|
|ff2*|
+----+
u 3 3
+----+
|fff2|
|fff2|
|ff41|
|ff20|
+----+
won
